
===========================================================================
 report_power
============================================================================
======================= nom_tt_025C_1v80 Corner ===================================

Group                    Internal    Switching      Leakage        Total
                            Power        Power        Power        Power (Watts)
------------------------------------------------------------------------
Sequential           5.631014e-01 3.328903e-05 6.842849e-07 5.631353e-01  55.3%
Combinational        5.642215e-03 1.438903e-02 1.518462e-06 2.003276e-02   2.0%
Clock                2.326900e-01 2.019048e-01 1.274446e-07 4.345949e-01  42.7%
Macro                0.000000e+00 0.000000e+00 0.000000e+00 0.000000e+00   0.0%
Pad                  0.000000e+00 0.000000e+00 0.000000e+00 0.000000e+00   0.0%
------------------------------------------------------------------------
Total                8.015152e-01 2.163262e-01 2.333459e-06 1.017844e+00 100.0%
                            78.7%        21.3%         0.0%
Writing metric power__internal__total: 0.8015152215957642
Writing metric power__switching__total: 0.21632619202136993
Writing metric power__leakage__total: 2.3334594061452663e-6
Writing metric power__total: 1.0178438425064087

