
===========================================================================
 report_power
============================================================================
======================= nom_ff_n40C_1v95 Corner ===================================

Group                    Internal    Switching      Leakage        Total
                            Power        Power        Power        Power (Watts)
------------------------------------------------------------------------
Sequential           1.603492e-03 6.961843e-05 2.037239e-09 1.673113e-03  40.2%
Combinational        4.736981e-04 5.880267e-04 8.460631e-09 1.061733e-03  25.5%
Clock                7.066114e-04 7.254136e-04 6.915441e-09 1.432032e-03  34.4%
Macro                0.000000e+00 0.000000e+00 0.000000e+00 0.000000e+00   0.0%
Pad                  0.000000e+00 0.000000e+00 0.000000e+00 0.000000e+00   0.0%
------------------------------------------------------------------------
Total                2.783803e-03 1.383060e-03 1.741335e-08 4.166880e-03 100.0%
                            66.8%        33.2%         0.0%

