
===========================================================================
 report_power
============================================================================
======================= nom_ss_100C_1v60 Corner ===================================

Group                    Internal    Switching      Leakage        Total
                            Power        Power        Power        Power (Watts)
------------------------------------------------------------------------
Sequential           1.070213e-03 4.588511e-05 1.868622e-06 1.117967e-03  39.4%
Combinational        3.485955e-04 3.877844e-04 5.242746e-06 7.416226e-04  26.1%
Clock                5.092380e-04 4.674465e-04 3.195736e-07 9.770041e-04  34.4%
Macro                0.000000e+00 0.000000e+00 0.000000e+00 0.000000e+00   0.0%
Pad                  0.000000e+00 0.000000e+00 0.000000e+00 0.000000e+00   0.0%
------------------------------------------------------------------------
Total                1.928047e-03 9.011164e-04 7.430948e-06 2.836594e-03 100.0%
                            68.0%        31.8%         0.3%

